wandb: Starting wandb agent 🕵️
wandb: [wandb.login()] Loaded credentials for https://api.wandb.ai from /home/ntaddei/.netrc.
2026-02-14 23:33:44,301 - wandb.wandb_agent - INFO - Running runs: []
2026-02-14 23:33:44,751 - wandb.wandb_agent - INFO - Agent received command: run
2026-02-14 23:33:44,751 - wandb.wandb_agent - INFO - Agent starting run with config:
	creativity-incentive: var-target
	target_manifold: {'alpha': 0.5, 'beta': 0.5, 'gamma': 0, 'name': 'close'}
2026-02-14 23:33:44,752 - wandb.wandb_agent - INFO - About to run command: /usr/bin/env python notebooks/pipeline.py
wandb: [wandb.login()] Loaded credentials for https://api.wandb.ai from /home/ntaddei/.netrc.
wandb: Currently logged in as: nicola-taddei01 (nicola-taddei01-eth-zurich) to https://api.wandb.ai. Use `wandb login --relogin` to force relogin
wandb: WARNING Ignoring project 'lhf-alignment' when running a sweep.
wandb: setting up run 68s3yrkq
wandb: Tracking run with wandb version 0.25.0
wandb: Run data is saved locally in /home/ntaddei/lhf-1d/wandb/run-20260214_233346-68s3yrkq
wandb: Run `wandb offline` to turn off syncing.
wandb: Syncing run kind-sweep-1
wandb: ⭐️ View project at https://wandb.ai/nicola-taddei01-eth-zurich/lhf-1d
wandb: 🧹 View sweep at https://wandb.ai/nicola-taddei01-eth-zurich/lhf-1d/sweeps/2ii7p8vp
wandb: 🚀 View run at https://wandb.ai/nicola-taddei01-eth-zurich/lhf-1d/runs/68s3yrkq
ERROR:2026-02-14 23:33:46,884:jax._src.xla_bridge:444: Jax plugin configuration error: Exception when calling jax_plugins.xla_cuda12.initialize()
Traceback (most recent call last):
  File "/home/ntaddei/miniconda3/envs/lhf/lib/python3.10/site-packages/jax_plugins/xla_cuda12/__init__.py", line 197, in _version_check
    version = get_version()
RuntimeError: jaxlib/cuda/versions_helpers.cc:81: operation cusparseGetProperty(MAJOR_VERSION, &major) failed: The cuSPARSE library was not found.

The above exception was the direct cause of the following exception:

Traceback (most recent call last):
  File "/home/ntaddei/miniconda3/envs/lhf/lib/python3.10/site-packages/jax/_src/xla_bridge.py", line 442, in discover_pjrt_plugins
    plugin_module.initialize()
  File "/home/ntaddei/miniconda3/envs/lhf/lib/python3.10/site-packages/jax_plugins/xla_cuda12/__init__.py", line 324, in initialize
    _check_cuda_versions(raise_on_first_error=True)
  File "/home/ntaddei/miniconda3/envs/lhf/lib/python3.10/site-packages/jax_plugins/xla_cuda12/__init__.py", line 262, in _check_cuda_versions
    _version_check("cuSPARSE", cuda_versions.cusparse_get_version,
  File "/home/ntaddei/miniconda3/envs/lhf/lib/python3.10/site-packages/jax_plugins/xla_cuda12/__init__.py", line 201, in _version_check
    raise RuntimeError(err_msg) from e
RuntimeError: Unable to load cuSPARSE. Is it installed?
WARNING:2026-02-14 23:33:46,893:jax._src.xla_bridge:794: An NVIDIA GPU may be present on this machine, but a CUDA-enabled jaxlib is not installed. Falling back to cpu.
2026-02-14 23:33:49,762 - wandb.wandb_agent - INFO - Running runs: ['68s3yrkq']
[1/4000] -ELBO = 2.9182040691375732
[2/4000] -ELBO = 2.9176063537597656
[3/4000] -ELBO = 2.916985034942627
[4/4000] -ELBO = 2.9163150787353516
[5/4000] -ELBO = 2.9155495166778564
[6/4000] -ELBO = 2.914713144302368
[7/4000] -ELBO = 2.913809061050415
[8/4000] -ELBO = 2.91279935836792
[9/4000] -ELBO = 2.9117138385772705
[10/4000] -ELBO = 2.9104855060577393
[11/4000] -ELBO = 2.9092893600463867
[12/4000] -ELBO = 2.908022165298462
[13/4000] -ELBO = 2.9068093299865723
[14/4000] -ELBO = 2.9057271480560303
[15/4000] -ELBO = 2.905050039291382
[16/4000] -ELBO = 2.904641628265381
[17/4000] -ELBO = 2.9044406414031982
[18/4000] -ELBO = 2.904547691345215
[19/4000] -ELBO = 2.904496192932129
[20/4000] -ELBO = 2.9041049480438232
[21/4000] -ELBO = 2.903585910797119
[22/4000] -ELBO = 2.9029316902160645
[23/4000] -ELBO = 2.9023828506469727
[24/4000] -ELBO = 2.9016666412353516
[25/4000] -ELBO = 2.901146650314331
[26/4000] -ELBO = 2.9007980823516846
[27/4000] -ELBO = 2.9004969596862793
[28/4000] -ELBO = 2.9002997875213623
[29/4000] -ELBO = 2.8999478816986084
[30/4000] -ELBO = 2.899632453918457
[31/4000] -ELBO = 2.899292230606079
[32/4000] -ELBO = 2.8989760875701904
[33/4000] -ELBO = 2.8985602855682373
[34/4000] -ELBO = 2.898160219192505
[35/4000] -ELBO = 2.8977713584899902
[36/4000] -ELBO = 2.8973214626312256
[37/4000] -ELBO = 2.8968846797943115
[38/4000] -ELBO = 2.896564483642578
[39/4000] -ELBO = 2.8961987495422363
[40/4000] -ELBO = 2.8958287239074707
[41/4000] -ELBO = 2.8955307006835938
[42/4000] -ELBO = 2.8952226638793945
[43/4000] -ELBO = 2.8949203491210938
[44/4000] -ELBO = 2.8944592475891113
[45/4000] -ELBO = 2.894167900085449
[46/4000] -ELBO = 2.893791675567627
[47/4000] -ELBO = 2.893401861190796
[48/4000] -ELBO = 2.893031597137451
[49/4000] -ELBO = 2.8927359580993652
[50/4000] -ELBO = 2.89233660697937
[51/4000] -ELBO = 2.8920109272003174
[52/4000] -ELBO = 2.891645908355713
[53/4000] -ELBO = 2.891347885131836
[54/4000] -ELBO = 2.8909308910369873
[55/4000] -ELBO = 2.8906304836273193
[56/4000] -ELBO = 2.8903024196624756
[57/4000] -ELBO = 2.889888286590576
[58/4000] -ELBO = 2.8895440101623535
[59/4000] -ELBO = 2.8891947269439697
[60/4000] -ELBO = 2.8888933658599854
[61/4000] -ELBO = 2.88851261138916
[62/4000] -ELBO = 2.888145685195923
[63/4000] -ELBO = 2.887789011001587
[64/4000] -ELBO = 2.887483835220337
[65/4000] -ELBO = 2.887115240097046
[66/4000] -ELBO = 2.886833667755127
[67/4000] -ELBO = 2.886427164077759
[68/4000] -ELBO = 2.886124849319458
[69/4000] -ELBO = 2.88576078414917
[70/4000] -ELBO = 2.8853862285614014
[71/4000] -ELBO = 2.8850502967834473
[72/4000] -ELBO = 2.8846652507781982
[73/4000] -ELBO = 2.8843393325805664
[74/4000] -ELBO = 2.8840134143829346
[75/4000] -ELBO = 2.8836705684661865
[76/4000] -ELBO = 2.883295774459839
[77/4000] -ELBO = 2.8829526901245117
[78/4000] -ELBO = 2.882612705230713
[79/4000] -ELBO = 2.882258176803589
[80/4000] -ELBO = 2.8819217681884766
[81/4000] -ELBO = 2.881563663482666
[82/4000] -ELBO = 2.8812224864959717
[83/4000] -ELBO = 2.8808493614196777
[84/4000] -ELBO = 2.880552053451538
[85/4000] -ELBO = 2.8801586627960205
[86/4000] -ELBO = 2.8798129558563232
[87/4000] -ELBO = 2.879436731338501
[88/4000] -ELBO = 2.879108428955078
[89/4000] -ELBO = 2.878786563873291
[90/4000] -ELBO = 2.878436803817749
[91/4000] -ELBO = 2.8780550956726074
[92/4000] -ELBO = 2.877784013748169
[93/4000] -ELBO = 2.877436637878418
[94/4000] -ELBO = 2.8770785331726074
[95/4000] -ELBO = 2.876744508743286
[96/4000] -ELBO = 2.8764214515686035
[97/4000] -ELBO = 2.876007556915283
[98/4000] -ELBO = 2.875659704208374
[99/4000] -ELBO = 2.8753206729888916
[100/4000] -ELBO = 2.8749585151672363
[101/4000] -ELBO = 2.8746166229248047
[102/4000] -ELBO = 2.8742611408233643
[103/4000] -ELBO = 2.8739335536956787
[104/4000] -ELBO = 2.8735830783843994
[105/4000] -ELBO = 2.8732457160949707
[106/4000] -ELBO = 2.872875213623047
[107/4000] -ELBO = 2.8725426197052
[108/4000] -ELBO = 2.8721930980682373
[109/4000] -ELBO = 2.871842861175537
[110/4000] -ELBO = 2.8714866638183594
[111/4000] -ELBO = 2.871143102645874
[112/4000] -ELBO = 2.8707871437072754
[113/4000] -ELBO = 2.870457410812378
[114/4000] -ELBO = 2.8700947761535645
[115/4000] -ELBO = 2.869741916656494
[116/4000] -ELBO = 2.8694026470184326
[117/4000] -ELBO = 2.8690521717071533
[118/4000] -ELBO = 2.868695020675659
[119/4000] -ELBO = 2.8683478832244873
[120/4000] -ELBO = 2.867995023727417
[121/4000] -ELBO = 2.867675304412842
[122/4000] -ELBO = 2.867335557937622
[123/4000] -ELBO = 2.866957664489746
[124/4000] -ELBO = 2.866645097732544
[125/4000] -ELBO = 2.8662564754486084
[126/4000] -ELBO = 2.865912914276123
[127/4000] -ELBO = 2.8655714988708496
[128/4000] -ELBO = 2.8652591705322266
[129/4000] -ELBO = 2.864895820617676
[130/4000] -ELBO = 2.8645527362823486
[131/4000] -ELBO = 2.8642024993896484
[132/4000] -ELBO = 2.863828420639038
[133/4000] -ELBO = 2.863474130630493
[134/4000] -ELBO = 2.863142967224121
[135/4000] -ELBO = 2.8627965450286865
[136/4000] -ELBO = 2.8624517917633057
[137/4000] -ELBO = 2.8620917797088623
[138/4000] -ELBO = 2.8617546558380127
[139/4000] -ELBO = 2.861400604248047
[140/4000] -ELBO = 2.8610451221466064
[141/4000] -ELBO = 2.8607017993927
[142/4000] -ELBO = 2.8603625297546387
[143/4000] -ELBO = 2.860013008117676
[144/4000] -ELBO = 2.859652280807495
[145/4000] -ELBO = 2.8593060970306396
[146/4000] -ELBO = 2.858955144882202
[147/4000] -ELBO = 2.858619213104248
[148/4000] -ELBO = 2.8582651615142822
[149/4000] -ELBO = 2.857910633087158
[150/4000] -ELBO = 2.8575472831726074
[151/4000] -ELBO = 2.857233762741089
[152/4000] -ELBO = 2.8568763732910156
[153/4000] -ELBO = 2.8564913272857666
[154/4000] -ELBO = 2.856193780899048
[155/4000] -ELBO = 2.855844736099243
[156/4000] -ELBO = 2.8554699420928955
[157/4000] -ELBO = 2.8551549911499023
[158/4000] -ELBO = 2.8548035621643066
[159/4000] -ELBO = 2.8544297218322754
[160/4000] -ELBO = 2.8540608882904053
[161/4000] -ELBO = 2.853722095489502
[162/4000] -ELBO = 2.853405475616455
[163/4000] -ELBO = 2.8530421257019043
[164/4000] -ELBO = 2.8527088165283203
[165/4000] -ELBO = 2.852351188659668
[166/4000] -ELBO = 2.851997137069702
[167/4000] -ELBO = 2.8516361713409424
[168/4000] -ELBO = 2.851290702819824
[169/4000] -ELBO = 2.8509771823883057
[170/4000] -ELBO = 2.8506486415863037
[171/4000] -ELBO = 2.8502256870269775
[172/4000] -ELBO = 2.849917411804199
[173/4000] -ELBO = 2.8495357036590576
[174/4000] -ELBO = 2.849210500717163
[175/4000] -ELBO = 2.8488521575927734
[176/4000] -ELBO = 2.8485095500946045
[177/4000] -ELBO = 2.8481576442718506
[178/4000] -ELBO = 2.8478028774261475
[179/4000] -ELBO = 2.8474533557891846
[180/4000] -ELBO = 2.847097635269165
[181/4000] -ELBO = 2.846735715866089
[182/4000] -ELBO = 2.846390724182129
[183/4000] -ELBO = 2.8460445404052734
[184/4000] -ELBO = 2.8457140922546387
[185/4000] -ELBO = 2.845339298248291
[186/4000] -ELBO = 2.8449459075927734
[187/4000] -ELBO = 2.8445920944213867
[188/4000] -ELBO = 2.8443305492401123
[189/4000] -ELBO = 2.8439812660217285
[190/4000] -ELBO = 2.843606472015381
[191/4000] -ELBO = 2.8432681560516357
[192/4000] -ELBO = 2.842974901199341
[193/4000] -ELBO = 2.84266996383667
[194/4000] -ELBO = 2.8421878814697266
[195/4000] -ELBO = 2.8418381214141846
[196/4000] -ELBO = 2.8415637016296387
[197/4000] -ELBO = 2.841153144836426
[198/4000] -ELBO = 2.8408679962158203
[199/4000] -ELBO = 2.8405256271362305
[200/4000] -ELBO = 2.840087890625
[201/4000] -ELBO = 2.8397841453552246
[202/4000] -ELBO = 2.839463233947754
[203/4000] -ELBO = 2.8390777111053467
[204/4000] -ELBO = 2.838747978210449
[205/4000] -ELBO = 2.8383986949920654
[206/4000] -ELBO = 2.8380303382873535
[207/4000] -ELBO = 2.837667465209961
[208/4000] -ELBO = 2.8373522758483887
[209/4000] -ELBO = 2.8369784355163574
[210/4000] -ELBO = 2.8366386890411377
[211/4000] -ELBO = 2.8362889289855957
[212/4000] -ELBO = 2.8359382152557373
[213/4000] -ELBO = 2.8355636596679688
[214/4000] -ELBO = 2.8352410793304443
[215/4000] -ELBO = 2.8348488807678223
[216/4000] -ELBO = 2.834557056427002
[217/4000] -ELBO = 2.83415150642395
[218/4000] -ELBO = 2.833893060684204
[219/4000] -ELBO = 2.8335177898406982
[220/4000] -ELBO = 2.833134651184082
[221/4000] -ELBO = 2.832871675491333
[222/4000] -ELBO = 2.8324968814849854
[223/4000] -ELBO = 2.832113742828369
[224/4000] -ELBO = 2.8317670822143555
[225/4000] -ELBO = 2.831414222717285
[226/4000] -ELBO = 2.831048011779785
[227/4000] -ELBO = 2.830713987350464
[228/4000] -ELBO = 2.8303451538085938
[229/4000] -ELBO = 2.829983711242676
[230/4000] -ELBO = 2.8296585083007812
[231/4000] -ELBO = 2.829286575317383
[232/4000] -ELBO = 2.8289406299591064
[233/4000] -ELBO = 2.8285999298095703
[234/4000] -ELBO = 2.8282415866851807
[235/4000] -ELBO = 2.8278863430023193
[236/4000] -ELBO = 2.8275485038757324
[237/4000] -ELBO = 2.8271853923797607
[238/4000] -ELBO = 2.8268494606018066
[239/4000] -ELBO = 2.826510190963745
[240/4000] -ELBO = 2.8261353969573975
[241/4000] -ELBO = 2.8258090019226074
[242/4000] -ELBO = 2.8254611492156982
[243/4000] -ELBO = 2.825108289718628
[244/4000] -ELBO = 2.824739694595337
[245/4000] -ELBO = 2.824424982070923
[246/4000] -ELBO = 2.8240528106689453
[247/4000] -ELBO = 2.8236937522888184
[248/4000] -ELBO = 2.8233401775360107
[249/4000] -ELBO = 2.8229897022247314
[250/4000] -ELBO = 2.822646141052246
[251/4000] -ELBO = 2.822291851043701
[252/4000] -ELBO = 2.8219363689422607
[253/4000] -ELBO = 2.8215904235839844
[254/4000] -ELBO = 2.8212473392486572
[255/4000] -ELBO = 2.8209033012390137
[256/4000] -ELBO = 2.8205406665802
[257/4000] -ELBO = 2.820190191268921
[258/4000] -ELBO = 2.819890022277832
[259/4000] -ELBO = 2.819565534591675
[260/4000] -ELBO = 2.819166421890259
[261/4000] -ELBO = 2.818808078765869
[262/4000] -ELBO = 2.818450689315796
[263/4000] -ELBO = 2.8180971145629883
[264/4000] -ELBO = 2.8177297115325928
[265/4000] -ELBO = 2.81742525100708
[266/4000] -ELBO = 2.8170626163482666
[267/4000] -ELBO = 2.8166887760162354
[268/4000] -ELBO = 2.816336154937744
[269/4000] -ELBO = 2.8160130977630615
[270/4000] -ELBO = 2.815680503845215
[271/4000] -ELBO = 2.8152670860290527
[272/4000] -ELBO = 2.814948558807373
[273/4000] -ELBO = 2.8145811557769775
[274/4000] -ELBO = 2.814258098602295
[275/4000] -ELBO = 2.8139309883117676
[276/4000] -ELBO = 2.81355619430542
[277/4000] -ELBO = 2.813185930252075
[278/4000] -ELBO = 2.812847852706909
[279/4000] -ELBO = 2.812490940093994
[280/4000] -ELBO = 2.8121373653411865
[281/4000] -ELBO = 2.811789035797119
[282/4000] -ELBO = 2.8114445209503174
[283/4000] -ELBO = 2.811110734939575
[284/4000] -ELBO = 2.810728073120117
[285/4000] -ELBO = 2.8103997707366943
[286/4000] -ELBO = 2.8100621700286865
[287/4000] -ELBO = 2.809695243835449
[288/4000] -ELBO = 2.8093392848968506
[289/4000] -ELBO = 2.8089942932128906
[290/4000] -ELBO = 2.808648109436035
[291/4000] -ELBO = 2.8082828521728516
[292/4000] -ELBO = 2.807936191558838
[293/4000] -ELBO = 2.807587146759033
[294/4000] -ELBO = 2.8072316646575928
[295/4000] -ELBO = 2.806887626647949
[296/4000] -ELBO = 2.806523323059082
[297/4000] -ELBO = 2.8061957359313965
[298/4000] -ELBO = 2.8058292865753174
[299/4000] -ELBO = 2.805476188659668
[300/4000] -ELBO = 2.8051257133483887
[301/4000] -ELBO = 2.804781675338745
[302/4000] -ELBO = 2.8044309616088867
[303/4000] -ELBO = 2.8040881156921387
[304/4000] -ELBO = 2.80373215675354
[305/4000] -ELBO = 2.803389549255371
[306/4000] -ELBO = 2.8030476570129395
[307/4000] -ELBO = 2.8026750087738037
[308/4000] -ELBO = 2.802323341369629
[309/4000] -ELBO = 2.801966428756714
[310/4000] -ELBO = 2.801633596420288
[311/4000] -ELBO = 2.801276206970215
[312/4000] -ELBO = 2.8009121417999268
[313/4000] -ELBO = 2.8005661964416504
[314/4000] -ELBO = 2.8002092838287354
[315/4000] -ELBO = 2.799886465072632
[316/4000] -ELBO = 2.7995142936706543
[317/4000] -ELBO = 2.7991740703582764
[318/4000] -ELBO = 2.7988033294677734
[319/4000] -ELBO = 2.7984676361083984
[320/4000] -ELBO = 2.7981326580047607
[321/4000] -ELBO = 2.797781467437744
[322/4000] -ELBO = 2.7974355220794678
[323/4000] -ELBO = 2.797030448913574
[324/4000] -ELBO = 2.796729326248169
[325/4000] -ELBO = 2.7963802814483643
[326/4000] -ELBO = 2.796010732650757
[327/4000] -ELBO = 2.7956483364105225
[328/4000] -ELBO = 2.7952969074249268
[329/4000] -ELBO = 2.794955015182495
[330/4000] -ELBO = 2.794612407684326
[331/4000] -ELBO = 2.7942256927490234
[332/4000] -ELBO = 2.7939274311065674
[333/4000] -ELBO = 2.7935619354248047
[334/4000] -ELBO = 2.793189525604248
[335/4000] -ELBO = 2.7928307056427
[336/4000] -ELBO = 2.7925212383270264
[337/4000] -ELBO = 2.792144536972046
[338/4000] -ELBO = 2.791790246963501
[339/4000] -ELBO = 2.7914538383483887
[340/4000] -ELBO = 2.791090488433838
[341/4000] -ELBO = 2.7907276153564453
[342/4000] -ELBO = 2.7904458045959473
[343/4000] -ELBO = 2.790031909942627
[344/4000] -ELBO = 2.789712905883789
[345/4000] -ELBO = 2.789351463317871
[346/4000] -ELBO = 2.788987636566162
[347/4000] -ELBO = 2.788661241531372
[348/4000] -ELBO = 2.7882778644561768
[349/4000] -ELBO = 2.7879316806793213
[350/4000] -ELBO = 2.7875847816467285
[351/4000] -ELBO = 2.787245750427246
[352/4000] -ELBO = 2.786895275115967
[353/4000] -ELBO = 2.7865355014801025
[354/4000] -ELBO = 2.786191940307617
[355/4000] -ELBO = 2.785832166671753
[356/4000] -ELBO = 2.785470724105835
[357/4000] -ELBO = 2.785130262374878
[358/4000] -ELBO = 2.784773826599121
[359/4000] -ELBO = 2.7844135761260986
[360/4000] -ELBO = 2.7840826511383057
[361/4000] -ELBO = 2.7837343215942383
[362/4000] -ELBO = 2.7833919525146484
[363/4000] -ELBO = 2.7830262184143066
[364/4000] -ELBO = 2.7826759815216064
[365/4000] -ELBO = 2.782322883605957
[366/4000] -ELBO = 2.7819740772247314
[367/4000] -ELBO = 2.7816882133483887
[368/4000] -ELBO = 2.781280279159546
[369/4000] -ELBO = 2.780855417251587
[370/4000] -ELBO = 2.7805566787719727
[371/4000] -ELBO = 2.7802019119262695
[372/4000] -ELBO = 2.7799086570739746
[373/4000] -ELBO = 2.7795162200927734
[374/4000] -ELBO = 2.7791295051574707
[375/4000] -ELBO = 2.778777599334717
[376/4000] -ELBO = 2.7784509658813477
[377/4000] -ELBO = 2.7780938148498535
[378/4000] -ELBO = 2.777705669403076
[379/4000] -ELBO = 2.777440309524536
[380/4000] -ELBO = 2.7770936489105225
[381/4000] -ELBO = 2.7766928672790527
[382/4000] -ELBO = 2.776332139968872
[383/4000] -ELBO = 2.775973081588745
[384/4000] -ELBO = 2.775688886642456
[385/4000] -ELBO = 2.775308609008789
[386/4000] -ELBO = 2.774963617324829
[387/4000] -ELBO = 2.7746059894561768
[388/4000] -ELBO = 2.7742395401000977
[389/4000] -ELBO = 2.7738990783691406
[390/4000] -ELBO = 2.773550271987915
[391/4000] -ELBO = 2.773191452026367
[392/4000] -ELBO = 2.772838592529297
[393/4000] -ELBO = 2.7724883556365967
[394/4000] -ELBO = 2.772118091583252
[395/4000] -ELBO = 2.771766424179077
[396/4000] -ELBO = 2.77144193649292
[397/4000] -ELBO = 2.771092653274536
[398/4000] -ELBO = 2.7707390785217285
[399/4000] -ELBO = 2.7703702449798584
[400/4000] -ELBO = 2.7700228691101074
[401/4000] -ELBO = 2.7696592807769775
[402/4000] -ELBO = 2.769333600997925
[403/4000] -ELBO = 2.7689623832702637
[404/4000] -ELBO = 2.7686262130737305
[405/4000] -ELBO = 2.7682745456695557
[406/4000] -ELBO = 2.7679100036621094
[407/4000] -ELBO = 2.7675650119781494
[408/4000] -ELBO = 2.7671701908111572
[409/4000] -ELBO = 2.7668468952178955
[410/4000] -ELBO = 2.766526937484741
[411/4000] -ELBO = 2.7661361694335938
[412/4000] -ELBO = 2.7658426761627197
[413/4000] -ELBO = 2.7654519081115723
[414/4000] -ELBO = 2.7651164531707764
[415/4000] -ELBO = 2.764749050140381
[416/4000] -ELBO = 2.7644073963165283
[417/4000] -ELBO = 2.7640535831451416
[418/4000] -ELBO = 2.763678550720215
[419/4000] -ELBO = 2.7633304595947266
[420/4000] -ELBO = 2.763003349304199
[421/4000] -ELBO = 2.7626399993896484
[422/4000] -ELBO = 2.762303113937378
[423/4000] -ELBO = 2.7619030475616455
[424/4000] -ELBO = 2.7615532875061035
[425/4000] -ELBO = 2.7612905502319336
[426/4000] -ELBO = 2.7608931064605713
[427/4000] -ELBO = 2.7605459690093994
[428/4000] -ELBO = 2.760183811187744
[429/4000] -ELBO = 2.7598650455474854
[430/4000] -ELBO = 2.7594828605651855
[431/4000] -ELBO = 2.7591464519500732
[432/4000] -ELBO = 2.7587945461273193
[433/4000] -ELBO = 2.758408546447754
[434/4000] -ELBO = 2.758054733276367
[435/4000] -ELBO = 2.7577147483825684
[436/4000] -ELBO = 2.757352828979492
[437/4000] -ELBO = 2.757007122039795
[438/4000] -ELBO = 2.756662130355835
[439/4000] -ELBO = 2.7562994956970215
[440/4000] -ELBO = 2.755946159362793
[441/4000] -ELBO = 2.755584478378296
[442/4000] -ELBO = 2.7552592754364014
[443/4000] -ELBO = 2.754913091659546
[444/4000] -ELBO = 2.754523992538452
[445/4000] -ELBO = 2.7542240619659424
[446/4000] -ELBO = 2.753856658935547
[447/4000] -ELBO = 2.753506660461426
[448/4000] -ELBO = 2.753131866455078
[449/4000] -ELBO = 2.7528271675109863
[450/4000] -ELBO = 2.7524397373199463
[451/4000] -ELBO = 2.752096652984619
[452/4000] -ELBO = 2.751715898513794
[453/4000] -ELBO = 2.7513539791107178
[454/4000] -ELBO = 2.751009225845337
[455/4000] -ELBO = 2.750683069229126
[456/4000] -ELBO = 2.750324249267578
[457/4000] -ELBO = 2.7499759197235107
[458/4000] -ELBO = 2.749640464782715
[459/4000] -ELBO = 2.74924898147583
[460/4000] -ELBO = 2.7488956451416016
[461/4000] -ELBO = 2.7485299110412598
[462/4000] -ELBO = 2.7482597827911377
[463/4000] -ELBO = 2.7478878498077393
[464/4000] -ELBO = 2.74747633934021
[465/4000] -ELBO = 2.7471368312835693
[466/4000] -ELBO = 2.7467575073242188
[467/4000] -ELBO = 2.7464396953582764
[468/4000] -ELBO = 2.746093988418579
[469/4000] -ELBO = 2.745774030685425
[470/4000] -ELBO = 2.7453863620758057
[471/4000] -ELBO = 2.745004892349243
[472/4000] -ELBO = 2.7446751594543457
[473/4000] -ELBO = 2.7443654537200928
[474/4000] -ELBO = 2.7440364360809326
[475/4000] -ELBO = 2.743638515472412
[476/4000] -ELBO = 2.743271827697754
[477/4000] -ELBO = 2.742918014526367
[478/4000] -ELBO = 2.742624044418335
[479/4000] -ELBO = 2.742248296737671
[480/4000] -ELBO = 2.7418906688690186
[481/4000] -ELBO = 2.7415125370025635
[482/4000] -ELBO = 2.7412049770355225
[483/4000] -ELBO = 2.7407853603363037
[484/4000] -ELBO = 2.7404284477233887
[485/4000] -ELBO = 2.740083932876587
[486/4000] -ELBO = 2.739776611328125
[487/4000] -ELBO = 2.739431619644165
[488/4000] -ELBO = 2.739086151123047
[489/4000] -ELBO = 2.738734245300293
[490/4000] -ELBO = 2.7383275032043457
[491/4000] -ELBO = 2.7380447387695312
[492/4000] -ELBO = 2.7376883029937744
[493/4000] -ELBO = 2.7373321056365967
[494/4000] -ELBO = 2.736983060836792
[495/4000] -ELBO = 2.736602306365967
[496/4000] -ELBO = 2.736220598220825
[497/4000] -ELBO = 2.7358791828155518
[498/4000] -ELBO = 2.7355127334594727
[499/4000] -ELBO = 2.7351856231689453
[500/4000] -ELBO = 2.7348461151123047
[501/4000] -ELBO = 2.7346138954162598
[502/4000] -ELBO = 2.734196901321411
[503/4000] -ELBO = 2.7337918281555176
[504/4000] -ELBO = 2.7334325313568115
[505/4000] -ELBO = 2.7330636978149414
[506/4000] -ELBO = 2.732754707336426
[507/4000] -ELBO = 2.7323803901672363
[508/4000] -ELBO = 2.7320315837860107
[509/4000] -ELBO = 2.7316904067993164
[510/4000] -ELBO = 2.7313265800476074
[511/4000] -ELBO = 2.7309603691101074
[512/4000] -ELBO = 2.730616331100464
[513/4000] -ELBO = 2.730245351791382
[514/4000] -ELBO = 2.7299044132232666
[515/4000] -ELBO = 2.7295546531677246
[516/4000] -ELBO = 2.7291998863220215
[517/4000] -ELBO = 2.728839635848999
[518/4000] -ELBO = 2.7285032272338867
[519/4000] -ELBO = 2.7281501293182373
[520/4000] -ELBO = 2.7277965545654297
[521/4000] -ELBO = 2.727428674697876
[522/4000] -ELBO = 2.727086067199707
[523/4000] -ELBO = 2.7267940044403076
[524/4000] -ELBO = 2.7263901233673096
[525/4000] -ELBO = 2.7260241508483887
[526/4000] -ELBO = 2.725674629211426
[527/4000] -ELBO = 2.725322723388672
[528/4000] -ELBO = 2.724985361099243
[529/4000] -ELBO = 2.724604606628418
[530/4000] -ELBO = 2.7242605686187744
[531/4000] -ELBO = 2.723907232284546
[532/4000] -ELBO = 2.723557472229004
[533/4000] -ELBO = 2.7232019901275635
[534/4000] -ELBO = 2.7228128910064697
[535/4000] -ELBO = 2.722522497177124
[536/4000] -ELBO = 2.7221596240997314
[537/4000] -ELBO = 2.72188663482666
[538/4000] -ELBO = 2.721477508544922
[539/4000] -ELBO = 2.7211172580718994
[540/4000] -ELBO = 2.7207183837890625
[541/4000] -ELBO = 2.7203729152679443
[542/4000] -ELBO = 2.7200307846069336
[543/4000] -ELBO = 2.719698667526245
[544/4000] -ELBO = 2.719285011291504
[545/4000] -ELBO = 2.71903133392334
[546/4000] -ELBO = 2.7186431884765625
[547/4000] -ELBO = 2.718362331390381
[548/4000] -ELBO = 2.7178256511688232
[549/4000] -ELBO = 2.7176244258880615
[550/4000] -ELBO = 2.717211961746216
[551/4000] -ELBO = 2.7169089317321777
[552/4000] -ELBO = 2.716503858566284
[553/4000] -ELBO = 2.7161507606506348
[554/4000] -ELBO = 2.7158267498016357
[555/4000] -ELBO = 2.7154293060302734
[556/4000] -ELBO = 2.7151553630828857
[557/4000] -ELBO = 2.714726448059082
[558/4000] -ELBO = 2.714428424835205
[559/4000] -ELBO = 2.714036703109741
[560/4000] -ELBO = 2.7137248516082764
[561/4000] -ELBO = 2.71337628364563
[562/4000] -ELBO = 2.712982416152954
[563/4000] -ELBO = 2.7126121520996094
[564/4000] -ELBO = 2.712329387664795
[565/4000] -ELBO = 2.7119545936584473
[566/4000] -ELBO = 2.711639642715454
[567/4000] -ELBO = 2.711210012435913
[568/4000] -ELBO = 2.710789680480957
[569/4000] -ELBO = 2.710641860961914
[570/4000] -ELBO = 2.710200786590576
[571/4000] -ELBO = 2.7097585201263428
[572/4000] -ELBO = 2.7095773220062256
[573/4000] -ELBO = 2.7090535163879395
[574/4000] -ELBO = 2.7088418006896973
[575/4000] -ELBO = 2.7084522247314453
[576/4000] -ELBO = 2.708085775375366
[577/4000] -ELBO = 2.7077271938323975
[578/4000] -ELBO = 2.707373857498169
[579/4000] -ELBO = 2.707050085067749
[580/4000] -ELBO = 2.7066969871520996
[581/4000] -ELBO = 2.706286907196045
[582/4000] -ELBO = 2.705960750579834
[583/4000] -ELBO = 2.705669403076172
[584/4000] -ELBO = 2.705308437347412
[585/4000] -ELBO = 2.704876184463501
[586/4000] -ELBO = 2.704559326171875
[587/4000] -ELBO = 2.704233407974243
[588/4000] -ELBO = 2.703880786895752
[589/4000] -ELBO = 2.703512668609619
[590/4000] -ELBO = 2.7031362056732178
[591/4000] -ELBO = 2.702815532684326
[592/4000] -ELBO = 2.702462673187256
[593/4000] -ELBO = 2.702110767364502
[594/4000] -ELBO = 2.7018110752105713
[595/4000] -ELBO = 2.701364040374756
[596/4000] -ELBO = 2.701061964035034
[597/4000] -ELBO = 2.7007217407226562
[598/4000] -ELBO = 2.7003791332244873
[599/4000] -ELBO = 2.699990749359131
[600/4000] -ELBO = 2.6996586322784424
[601/4000] -ELBO = 2.6992759704589844
[602/4000] -ELBO = 2.698930025100708
[603/4000] -ELBO = 2.698578357696533
[604/4000] -ELBO = 2.6982290744781494
[605/4000] -ELBO = 2.69789457321167
[606/4000] -ELBO = 2.6975293159484863
[607/4000] -ELBO = 2.6971800327301025
[608/4000] -ELBO = 2.6968111991882324
[609/4000] -ELBO = 2.696442127227783
[610/4000] -ELBO = 2.6961052417755127
[611/4000] -ELBO = 2.6957998275756836
[612/4000] -ELBO = 2.6954240798950195
[613/4000] -ELBO = 2.694948673248291
[614/4000] -ELBO = 2.694708824157715
[615/4000] -ELBO = 2.6943845748901367
[616/4000] -ELBO = 2.6941275596618652
[617/4000] -ELBO = 2.693809986114502
[618/4000] -ELBO = 2.6933109760284424
[619/4000] -ELBO = 2.6929476261138916
[620/4000] -ELBO = 2.6927335262298584
[621/4000] -ELBO = 2.692291259765625
[622/4000] -ELBO = 2.69191312789917
[623/4000] -ELBO = 2.6915857791900635
[624/4000] -ELBO = 2.6912288665771484
[625/4000] -ELBO = 2.6908695697784424
[626/4000] -ELBO = 2.6905324459075928
[627/4000] -ELBO = 2.690140962600708
[628/4000] -ELBO = 2.68978214263916
[629/4000] -ELBO = 2.6895084381103516
[630/4000] -ELBO = 2.6891441345214844
[631/4000] -ELBO = 2.6888339519500732
[632/4000] -ELBO = 2.6883039474487305
[633/4000] -ELBO = 2.687995672225952
[634/4000] -ELBO = 2.687715530395508
[635/4000] -ELBO = 2.6874217987060547
[636/4000] -ELBO = 2.687037467956543
[637/4000] -ELBO = 2.686648368835449
[638/4000] -ELBO = 2.6863207817077637
[639/4000] -ELBO = 2.685960292816162
[640/4000] -ELBO = 2.6856322288513184
[641/4000] -ELBO = 2.685311794281006
[642/4000] -ELBO = 2.684903621673584
[643/4000] -ELBO = 2.684547185897827
[644/4000] -ELBO = 2.684189558029175
[645/4000] -ELBO = 2.683845281600952
[646/4000] -ELBO = 2.6835219860076904
[647/4000] -ELBO = 2.6831471920013428
[648/4000] -ELBO = 2.682828903198242
[649/4000] -ELBO = 2.6824660301208496
[650/4000] -ELBO = 2.682067394256592
[651/4000] -ELBO = 2.6817142963409424
[652/4000] -ELBO = 2.6814074516296387
[653/4000] -ELBO = 2.681058168411255
[654/4000] -ELBO = 2.680706024169922
[655/4000] -ELBO = 2.680330753326416
[656/4000] -ELBO = 2.6799843311309814
[657/4000] -ELBO = 2.6796109676361084
[658/4000] -ELBO = 2.6792948246002197
[659/4000] -ELBO = 2.678856372833252
[660/4000] -ELBO = 2.678516387939453
[661/4000] -ELBO = 2.678163766860962
[662/4000] -ELBO = 2.678072929382324
[663/4000] -ELBO = 2.6773972511291504
[664/4000] -ELBO = 2.6772401332855225
[665/4000] -ELBO = 2.676726818084717
[666/4000] -ELBO = 2.6763041019439697
[667/4000] -ELBO = 2.6761486530303955
[668/4000] -ELBO = 2.675731658935547
[669/4000] -ELBO = 2.6753547191619873
[670/4000] -ELBO = 2.675157070159912
[671/4000] -ELBO = 2.6746761798858643
[672/4000] -ELBO = 2.674316644668579
[673/4000] -ELBO = 2.6740055084228516
[674/4000] -ELBO = 2.6736674308776855
[675/4000] -ELBO = 2.6733601093292236
[676/4000] -ELBO = 2.672903060913086
[677/4000] -ELBO = 2.6726369857788086
[678/4000] -ELBO = 2.6723392009735107
[679/4000] -ELBO = 2.671969413757324
[680/4000] -ELBO = 2.6715478897094727
[681/4000] -ELBO = 2.671184778213501
[682/4000] -ELBO = 2.6708827018737793
[683/4000] -ELBO = 2.670574426651001
[684/4000] -ELBO = 2.6701483726501465
[685/4000] -ELBO = 2.66981840133667
[686/4000] -ELBO = 2.669466257095337
[687/4000] -ELBO = 2.6690173149108887
[688/4000] -ELBO = 2.668699264526367
[689/4000] -ELBO = 2.6683597564697266
[690/4000] -ELBO = 2.6679911613464355
[691/4000] -ELBO = 2.667776584625244
[692/4000] -ELBO = 2.667365312576294
[693/4000] -ELBO = 2.667076349258423
[694/4000] -ELBO = 2.666642189025879
[695/4000] -ELBO = 2.66631817817688
[696/4000] -ELBO = 2.665950298309326
[697/4000] -ELBO = 2.66556715965271
[698/4000] -ELBO = 2.6652214527130127
[699/4000] -ELBO = 2.6649045944213867
[700/4000] -ELBO = 2.664546012878418
[701/4000] -ELBO = 2.664198398590088
[702/4000] -ELBO = 2.6639249324798584
[703/4000] -ELBO = 2.6635162830352783
[704/4000] -ELBO = 2.6631569862365723
[705/4000] -ELBO = 2.662734031677246
[706/4000] -ELBO = 2.6624443531036377
[707/4000] -ELBO = 2.6620662212371826
[708/4000] -ELBO = 2.661747455596924
[709/4000] -ELBO = 2.661381244659424
[710/4000] -ELBO = 2.6610333919525146
[711/4000] -ELBO = 2.6606738567352295
[712/4000] -ELBO = 2.6603174209594727
[713/4000] -ELBO = 2.6599690914154053
[714/4000] -ELBO = 2.659646511077881
[715/4000] -ELBO = 2.6592373847961426
[716/4000] -ELBO = 2.658903121948242
[717/4000] -ELBO = 2.6585991382598877
[718/4000] -ELBO = 2.658200740814209
[719/4000] -ELBO = 2.6579713821411133
[720/4000] -ELBO = 2.657520294189453
[721/4000] -ELBO = 2.6572437286376953
[722/4000] -ELBO = 2.65685772895813
[723/4000] -ELBO = 2.6564769744873047
[724/4000] -ELBO = 2.656123161315918
[725/4000] -ELBO = 2.655812978744507
[726/4000] -ELBO = 2.655418634414673
[727/4000] -ELBO = 2.655064344406128
[728/4000] -ELBO = 2.654712200164795
[729/4000] -ELBO = 2.65439510345459
[730/4000] -ELBO = 2.654029369354248
[731/4000] -ELBO = 2.653625726699829
[732/4000] -ELBO = 2.653282880783081
[733/4000] -ELBO = 2.653062105178833
[734/4000] -ELBO = 2.6527037620544434
[735/4000] -ELBO = 2.652343988418579
[736/4000] -ELBO = 2.652040958404541
[737/4000] -ELBO = 2.6516151428222656
[738/4000] -ELBO = 2.6512539386749268
[739/4000] -ELBO = 2.650838613510132
[740/4000] -ELBO = 2.650550365447998
[741/4000] -ELBO = 2.6501898765563965
[742/4000] -ELBO = 2.6498045921325684
[743/4000] -ELBO = 2.6495110988616943
[744/4000] -ELBO = 2.649101734161377
[745/4000] -ELBO = 2.648738145828247
[746/4000] -ELBO = 2.648545026779175
[747/4000] -ELBO = 2.648268699645996
[748/4000] -ELBO = 2.647681474685669
[749/4000] -ELBO = 2.647382974624634
[750/4000] -ELBO = 2.6470353603363037
[751/4000] -ELBO = 2.6467087268829346
[752/4000] -ELBO = 2.646359443664551
[753/4000] -ELBO = 2.645972490310669
[754/4000] -ELBO = 2.6456546783447266
[755/4000] -ELBO = 2.6453070640563965
[756/4000] -ELBO = 2.644972085952759
[757/4000] -ELBO = 2.6446211338043213
[758/4000] -ELBO = 2.6442601680755615
[759/4000] -ELBO = 2.643899440765381
[760/4000] -ELBO = 2.64361310005188
[761/4000] -ELBO = 2.643240213394165
[762/4000] -ELBO = 2.6428792476654053
[763/4000] -ELBO = 2.6424708366394043
[764/4000] -ELBO = 2.6421194076538086
[765/4000] -ELBO = 2.6417958736419678
[766/4000] -ELBO = 2.6413726806640625
[767/4000] -ELBO = 2.641101121902466
[768/4000] -ELBO = 2.640807628631592
[769/4000] -ELBO = 2.6404099464416504
[770/4000] -ELBO = 2.6401865482330322
[771/4000] -ELBO = 2.639727830886841
[772/4000] -ELBO = 2.63936710357666
[773/4000] -ELBO = 2.6389729976654053
[774/4000] -ELBO = 2.6386208534240723
[775/4000] -ELBO = 2.6382949352264404
[776/4000] -ELBO = 2.637944221496582
[777/4000] -ELBO = 2.6376585960388184
[778/4000] -ELBO = 2.6372451782226562
[779/4000] -ELBO = 2.6369271278381348
[780/4000] -ELBO = 2.6365814208984375
[781/4000] -ELBO = 2.6362431049346924
[782/4000] -ELBO = 2.635838508605957
[783/4000] -ELBO = 2.635436534881592
[784/4000] -ELBO = 2.6350948810577393
[785/4000] -ELBO = 2.634830951690674
[786/4000] -ELBO = 2.6346259117126465
[787/4000] -ELBO = 2.6342098712921143
[788/4000] -ELBO = 2.633667230606079
[789/4000] -ELBO = 2.633334159851074
[790/4000] -ELBO = 2.633028984069824
[791/4000] -ELBO = 2.6327219009399414
[792/4000] -ELBO = 2.6323435306549072
[793/4000] -ELBO = 2.6320085525512695
[794/4000] -ELBO = 2.6316428184509277
[795/4000] -ELBO = 2.631322145462036
[796/4000] -ELBO = 2.630951404571533
[797/4000] -ELBO = 2.630690097808838
[798/4000] -ELBO = 2.6302990913391113
[799/4000] -ELBO = 2.6299333572387695
[800/4000] -ELBO = 2.6296091079711914
[801/4000] -ELBO = 2.629246473312378
[802/4000] -ELBO = 2.628938674926758
[803/4000] -ELBO = 2.6285488605499268
[804/4000] -ELBO = 2.62812876701355
[805/4000] -ELBO = 2.6278836727142334
[806/4000] -ELBO = 2.627485752105713
[807/4000] -ELBO = 2.6272385120391846
[808/4000] -ELBO = 2.6268534660339355
[809/4000] -ELBO = 2.6264517307281494
[810/4000] -ELBO = 2.6261343955993652
[811/4000] -ELBO = 2.6257314682006836
[812/4000] -ELBO = 2.6254475116729736
[813/4000] -ELBO = 2.6251771450042725
[814/4000] -ELBO = 2.624706268310547
[815/4000] -ELBO = 2.6243162155151367
[816/4000] -ELBO = 2.624082326889038
[817/4000] -ELBO = 2.6236398220062256
[818/4000] -ELBO = 2.6232988834381104
[819/4000] -ELBO = 2.6228933334350586
[820/4000] -ELBO = 2.622629404067993
[821/4000] -ELBO = 2.6222596168518066
[822/4000] -ELBO = 2.6219429969787598
[823/4000] -ELBO = 2.6215639114379883
[824/4000] -ELBO = 2.6212217807769775
[825/4000] -ELBO = 2.6208364963531494
[826/4000] -ELBO = 2.6205124855041504
[827/4000] -ELBO = 2.620194435119629
[828/4000] -ELBO = 2.6197893619537354
[829/4000] -ELBO = 2.619366407394409
[830/4000] -ELBO = 2.6190550327301025
[831/4000] -ELBO = 2.6191482543945312
[832/4000] -ELBO = 2.618417739868164
[833/4000] -ELBO = 2.6181771755218506
[834/4000] -ELBO = 2.6178698539733887
[835/4000] -ELBO = 2.6173980236053467
[836/4000] -ELBO = 2.6170334815979004
[837/4000] -ELBO = 2.6167142391204834
[838/4000] -ELBO = 2.616396427154541
[839/4000] -ELBO = 2.616030693054199
[840/4000] -ELBO = 2.6156370639801025
[841/4000] -ELBO = 2.615318775177002
[842/4000] -ELBO = 2.614968776702881
[843/4000] -ELBO = 2.6148698329925537
[844/4000] -ELBO = 2.61431622505188
[845/4000] -ELBO = 2.613919258117676
[846/4000] -ELBO = 2.613572120666504
[847/4000] -ELBO = 2.6132047176361084
[848/4000] -ELBO = 2.6129724979400635
[849/4000] -ELBO = 2.6125550270080566
[850/4000] -ELBO = 2.61222505569458
[851/4000] -ELBO = 2.6118204593658447
[852/4000] -ELBO = 2.6115145683288574
[853/4000] -ELBO = 2.6111159324645996
[854/4000] -ELBO = 2.610891103744507
[855/4000] -ELBO = 2.610438108444214
[856/4000] -ELBO = 2.6101107597351074
[857/4000] -ELBO = 2.609731912612915
[858/4000] -ELBO = 2.6094229221343994
[859/4000] -ELBO = 2.6091372966766357
[860/4000] -ELBO = 2.608860492706299
[861/4000] -ELBO = 2.6084845066070557
[862/4000] -ELBO = 2.6080446243286133
[863/4000] -ELBO = 2.6077213287353516
[864/4000] -ELBO = 2.6074109077453613
[865/4000] -ELBO = 2.6070058345794678
[866/4000] -ELBO = 2.606633186340332
[867/4000] -ELBO = 2.6063380241394043
[868/4000] -ELBO = 2.6059627532958984
[869/4000] -ELBO = 2.605592966079712
[870/4000] -ELBO = 2.6054084300994873
[871/4000] -ELBO = 2.604926824569702
[872/4000] -ELBO = 2.6046273708343506
[873/4000] -ELBO = 2.604262351989746
[874/4000] -ELBO = 2.6039161682128906
[875/4000] -ELBO = 2.603598117828369
[876/4000] -ELBO = 2.603286027908325
[877/4000] -ELBO = 2.6029086112976074
[878/4000] -ELBO = 2.602541208267212
[879/4000] -ELBO = 2.602177381515503
[880/4000] -ELBO = 2.6018221378326416
[881/4000] -ELBO = 2.6014909744262695
[882/4000] -ELBO = 2.6011502742767334
[883/4000] -ELBO = 2.6007635593414307
[884/4000] -ELBO = 2.600440263748169
[885/4000] -ELBO = 2.600029468536377
[886/4000] -ELBO = 2.5997726917266846
[887/4000] -ELBO = 2.599360227584839
[888/4000] -ELBO = 2.5990405082702637
[889/4000] -ELBO = 2.5986409187316895
[890/4000] -ELBO = 2.5983259677886963
[891/4000] -ELBO = 2.598050832748413
[892/4000] -ELBO = 2.597738265991211
[893/4000] -ELBO = 2.597382068634033
[894/4000] -ELBO = 2.596956253051758
[895/4000] -ELBO = 2.596674919128418
[896/4000] -ELBO = 2.5963568687438965
[897/4000] -ELBO = 2.5960423946380615
[898/4000] -ELBO = 2.595579147338867
[899/4000] -ELBO = 2.5952961444854736
[900/4000] -ELBO = 2.5948872566223145
[901/4000] -ELBO = 2.594602108001709
[902/4000] -ELBO = 2.594261407852173
[903/4000] -ELBO = 2.5939230918884277
[904/4000] -ELBO = 2.5935330390930176
[905/4000] -ELBO = 2.5931460857391357
[906/4000] -ELBO = 2.592891216278076
[907/4000] -ELBO = 2.5926594734191895
[908/4000] -ELBO = 2.592160701751709
[909/4000] -ELBO = 2.5918948650360107
[910/4000] -ELBO = 2.591465950012207
[911/4000] -ELBO = 2.5911338329315186
[912/4000] -ELBO = 2.5908150672912598
[913/4000] -ELBO = 2.5904746055603027
[914/4000] -ELBO = 2.5900955200195312
[915/4000] -ELBO = 2.5897233486175537
[916/4000] -ELBO = 2.5894453525543213
[917/4000] -ELBO = 2.589087724685669
[918/4000] -ELBO = 2.5887181758880615
[919/4000] -ELBO = 2.588386297225952
[920/4000] -ELBO = 2.5880684852600098
[921/4000] -ELBO = 2.587695360183716
[922/4000] -ELBO = 2.587294816970825
[923/4000] -ELBO = 2.5869336128234863
[924/4000] -ELBO = 2.5867233276367188
[925/4000] -ELBO = 2.5863380432128906
[926/4000] -ELBO = 2.586045980453491
[927/4000] -ELBO = 2.5855767726898193
[928/4000] -ELBO = 2.5852670669555664
[929/4000] -ELBO = 2.5849416255950928
[930/4000] -ELBO = 2.5846049785614014
[931/4000] -ELBO = 2.5842487812042236
[932/4000] -ELBO = 2.583897113800049
[933/4000] -ELBO = 2.583580255508423
[934/4000] -ELBO = 2.5831658840179443
[935/4000] -ELBO = 2.5829107761383057
[936/4000] -ELBO = 2.582634449005127
[937/4000] -ELBO = 2.582205295562744
[938/4000] -ELBO = 2.5818252563476562
[939/4000] -ELBO = 2.5816121101379395
[940/4000] -ELBO = 2.581143856048584
[941/4000] -ELBO = 2.5807926654815674
[942/4000] -ELBO = 2.5805132389068604
[943/4000] -ELBO = 2.580156087875366
[944/4000] -ELBO = 2.579831600189209
[945/4000] -ELBO = 2.5795960426330566
[946/4000] -ELBO = 2.5791144371032715
[947/4000] -ELBO = 2.578739881515503
[948/4000] -ELBO = 2.5783908367156982
[949/4000] -ELBO = 2.5780928134918213
[950/4000] -ELBO = 2.5778138637542725
[951/4000] -ELBO = 2.5774073600769043
[952/4000] -ELBO = 2.5770773887634277
[953/4000] -ELBO = 2.5767276287078857
[954/4000] -ELBO = 2.576409101486206
[955/4000] -ELBO = 2.576066255569458
[956/4000] -ELBO = 2.5757179260253906
[957/4000] -ELBO = 2.5754048824310303
[958/4000] -ELBO = 2.575031042098999
[959/4000] -ELBO = 2.5746207237243652
[960/4000] -ELBO = 2.574342966079712
[961/4000] -ELBO = 2.574157953262329
[962/4000] -ELBO = 2.5736985206604004
[963/4000] -ELBO = 2.573276996612549
[964/4000] -ELBO = 2.572995662689209
[965/4000] -ELBO = 2.57259202003479
[966/4000] -ELBO = 2.572307825088501
[967/4000] -ELBO = 2.5719046592712402
[968/4000] -ELBO = 2.571560859680176
[969/4000] -ELBO = 2.5713303089141846
[970/4000] -ELBO = 2.5709288120269775
[971/4000] -ELBO = 2.5706608295440674
[972/4000] -ELBO = 2.570202589035034
[973/4000] -ELBO = 2.5700340270996094
[974/4000] -ELBO = 2.5694968700408936
[975/4000] -ELBO = 2.5692148208618164
[976/4000] -ELBO = 2.568965196609497
[977/4000] -ELBO = 2.5685324668884277
[978/4000] -ELBO = 2.568178176879883
[979/4000] -ELBO = 2.567838668823242
[980/4000] -ELBO = 2.56746244430542
[981/4000] -ELBO = 2.5671839714050293
[982/4000] -ELBO = 2.5668084621429443
[983/4000] -ELBO = 2.5665037631988525
[984/4000] -ELBO = 2.5662217140197754
[985/4000] -ELBO = 2.565847873687744
[986/4000] -ELBO = 2.56545352935791
[987/4000] -ELBO = 2.565089702606201
[988/4000] -ELBO = 2.564800500869751
[989/4000] -ELBO = 2.5644447803497314
[990/4000] -ELBO = 2.5640902519226074
[991/4000] -ELBO = 2.5637991428375244
[992/4000] -ELBO = 2.5633633136749268
[993/4000] -ELBO = 2.5628697872161865
[994/4000] -ELBO = 2.5627260208129883
[995/4000] -ELBO = 2.5627803802490234
[996/4000] -ELBO = 2.5621917247772217
[997/4000] -ELBO = 2.5617337226867676
[998/4000] -ELBO = 2.561490058898926
[999/4000] -ELBO = 2.561074733734131
[1000/4000] -ELBO = 2.5606672763824463
[1001/4000] -ELBO = 2.5604443550109863
[1002/4000] -ELBO = 2.5601301193237305
[1003/4000] -ELBO = 2.5595901012420654
[1004/4000] -ELBO = 2.559504747390747
[1005/4000] -ELBO = 2.5591132640838623
[1006/4000] -ELBO = 2.558727979660034
[1007/4000] -ELBO = 2.5584545135498047
[1008/4000] -ELBO = 2.558077812194824
[1009/4000] -ELBO = 2.557621955871582
[1010/4000] -ELBO = 2.5573301315307617
[1011/4000] -ELBO = 2.5568690299987793
[1012/4000] -ELBO = 2.5568220615386963
[1013/4000] -ELBO = 2.5564687252044678
[1014/4000] -ELBO = 2.55619740486145
[1015/4000] -ELBO = 2.5558111667633057
[1016/4000] -ELBO = 2.55544376373291
[1017/4000] -ELBO = 2.5550897121429443
[1018/4000] -ELBO = 2.5546669960021973
[1019/4000] -ELBO = 2.5543248653411865
[1020/4000] -ELBO = 2.5539495944976807
[1021/4000] -ELBO = 2.5539400577545166
[1022/4000] -ELBO = 2.553574323654175
[1023/4000] -ELBO = 2.5528688430786133
[1024/4000] -ELBO = 2.5525903701782227
[1025/4000] -ELBO = 2.5523667335510254
[1026/4000] -ELBO = 2.5519537925720215
[1027/4000] -ELBO = 2.5515809059143066
[1028/4000] -ELBO = 2.5512571334838867
[1029/4000] -ELBO = 2.550928831100464
[1030/4000] -ELBO = 2.5506153106689453
[1031/4000] -ELBO = 2.5502877235412598
[1032/4000] -ELBO = 2.5498738288879395
[1033/4000] -ELBO = 2.5495595932006836
[1034/4000] -ELBO = 2.5491976737976074
[1035/4000] -ELBO = 2.548848867416382
[1036/4000] -ELBO = 2.5486488342285156
[1037/4000] -ELBO = 2.5482144355773926
[1038/4000] -ELBO = 2.5479543209075928
[1039/4000] -ELBO = 2.54756498336792
[1040/4000] -ELBO = 2.5472207069396973
[1041/4000] -ELBO = 2.5468881130218506
[1042/4000] -ELBO = 2.5465266704559326
[1043/4000] -ELBO = 2.546177387237549
[1044/4000] -ELBO = 2.5458734035491943
[1045/4000] -ELBO = 2.5455126762390137
[1046/4000] -ELBO = 2.5452418327331543
[1047/4000] -ELBO = 2.5448625087738037
[1048/4000] -ELBO = 2.5446529388427734
[1049/4000] -ELBO = 2.5441131591796875
[1050/4000] -ELBO = 2.5441572666168213
[1051/4000] -ELBO = 2.5435807704925537
[1052/4000] -ELBO = 2.5431761741638184
[1053/4000] -ELBO = 2.542841911315918
[1054/4000] -ELBO = 2.5424859523773193
[1055/4000] -ELBO = 2.5421831607818604
[1056/4000] -ELBO = 2.5417816638946533
[1057/4000] -ELBO = 2.541546583175659
[1058/4000] -ELBO = 2.5412611961364746
[1059/4000] -ELBO = 2.5409445762634277
[1060/4000] -ELBO = 2.540475845336914
[1061/4000] -ELBO = 2.540125846862793
[1062/4000] -ELBO = 2.5397846698760986
[1063/4000] -ELBO = 2.5395305156707764
[1064/4000] -ELBO = 2.539186954498291
[1065/4000] -ELBO = 2.538792610168457
[1066/4000] -ELBO = 2.5384485721588135
[1067/4000] -ELBO = 2.5381357669830322
[1068/4000] -ELBO = 2.5378479957580566
[1069/4000] -ELBO = 2.537529706954956
[1070/4000] -ELBO = 2.53719162940979
[1071/4000] -ELBO = 2.536781072616577
[1072/4000] -ELBO = 2.5364534854888916
[1073/4000] -ELBO = 2.536165237426758
[1074/4000] -ELBO = 2.5358240604400635
[1075/4000] -ELBO = 2.535533905029297
[1076/4000] -ELBO = 2.53519344329834
[1077/4000] -ELBO = 2.534849166870117
[1078/4000] -ELBO = 2.5344784259796143
[1079/4000] -ELBO = 2.5341477394104004
[1080/4000] -ELBO = 2.533764123916626
[1081/4000] -ELBO = 2.5334534645080566
[1082/4000] -ELBO = 2.5331172943115234
[1083/4000] -ELBO = 2.5327882766723633
[1084/4000] -ELBO = 2.5324902534484863
[1085/4000] -ELBO = 2.5321273803710938
[1086/4000] -ELBO = 2.531804323196411
[1087/4000] -ELBO = 2.531438112258911
[1088/4000] -ELBO = 2.5311264991760254
[1089/4000] -ELBO = 2.5309436321258545
[1090/4000] -ELBO = 2.5305404663085938
[1091/4000] -ELBO = 2.530144214630127
[1092/4000] -ELBO = 2.5298142433166504
[1093/4000] -ELBO = 2.5294570922851562
[1094/4000] -ELBO = 2.5292022228240967
[1095/4000] -ELBO = 2.5288076400756836
[1096/4000] -ELBO = 2.5284340381622314
[1097/4000] -ELBO = 2.5281460285186768
[1098/4000] -ELBO = 2.527827262878418
[1099/4000] -ELBO = 2.5274975299835205
[1100/4000] -ELBO = 2.527087450027466
[1101/4000] -ELBO = 2.526846170425415
[1102/4000] -ELBO = 2.5265023708343506
[1103/4000] -ELBO = 2.5261459350585938
[1104/4000] -ELBO = 2.5258822441101074
[1105/4000] -ELBO = 2.5255820751190186
[1106/4000] -ELBO = 2.525209426879883
[1107/4000] -ELBO = 2.524864912033081
[1108/4000] -ELBO = 2.5245163440704346
[1109/4000] -ELBO = 2.5241646766662598
[1110/4000] -ELBO = 2.5239017009735107
[1111/4000] -ELBO = 2.5236737728118896
[1112/4000] -ELBO = 2.523118495941162
[1113/4000] -ELBO = 2.5228166580200195
[1114/4000] -ELBO = 2.522589683532715
[1115/4000] -ELBO = 2.5222415924072266
[1116/4000] -ELBO = 2.5218288898468018
[1117/4000] -ELBO = 2.5215933322906494
[1118/4000] -ELBO = 2.521164894104004
[1119/4000] -ELBO = 2.5209245681762695
[1120/4000] -ELBO = 2.520538091659546
[1121/4000] -ELBO = 2.520216941833496
[1122/4000] -ELBO = 2.5199472904205322
[1123/4000] -ELBO = 2.5195508003234863
[1124/4000] -ELBO = 2.519226312637329
[1125/4000] -ELBO = 2.518906831741333
[1126/4000] -ELBO = 2.518723249435425
[1127/4000] -ELBO = 2.5183277130126953
[1128/4000] -ELBO = 2.517908811569214
[1129/4000] -ELBO = 2.517582893371582
[1130/4000] -ELBO = 2.517275333404541
[1131/4000] -ELBO = 2.516887903213501
[1132/4000] -ELBO = 2.516580820083618
[1133/4000] -ELBO = 2.5162179470062256
[1134/4000] -ELBO = 2.5159826278686523
[1135/4000] -ELBO = 2.515580415725708
[1136/4000] -ELBO = 2.5152573585510254
[1137/4000] -ELBO = 2.5149240493774414
[1138/4000] -ELBO = 2.514535665512085
[1139/4000] -ELBO = 2.514253616333008
[1140/4000] -ELBO = 2.5139572620391846
[1141/4000] -ELBO = 2.513575553894043
[1142/4000] -ELBO = 2.5132462978363037
[1143/4000] -ELBO = 2.512958526611328
[1144/4000] -ELBO = 2.51265549659729
[1145/4000] -ELBO = 2.5124001502990723
[1146/4000] -ELBO = 2.5120463371276855
[1147/4000] -ELBO = 2.511563777923584
[1148/4000] -ELBO = 2.511302947998047
[1149/4000] -ELBO = 2.511082410812378
[1150/4000] -ELBO = 2.5106098651885986
[1151/4000] -ELBO = 2.510282278060913
[1152/4000] -ELBO = 2.509960412979126
[1153/4000] -ELBO = 2.5096936225891113
[1154/4000] -ELBO = 2.509352445602417
[1155/4000] -ELBO = 2.508967876434326
[1156/4000] -ELBO = 2.5087509155273438
[1157/4000] -ELBO = 2.508329153060913
[1158/4000] -ELBO = 2.5081071853637695
[1159/4000] -ELBO = 2.5077271461486816
[1160/4000] -ELBO = 2.5073962211608887
[1161/4000] -ELBO = 2.507110595703125
[1162/4000] -ELBO = 2.506702184677124
[1163/4000] -ELBO = 2.506373882293701
[1164/4000] -ELBO = 2.5060689449310303
[1165/4000] -ELBO = 2.5057730674743652
[1166/4000] -ELBO = 2.505448341369629
[1167/4000] -ELBO = 2.505025625228882
[1168/4000] -ELBO = 2.5048773288726807
[1169/4000] -ELBO = 2.504352331161499
[1170/4000] -ELBO = 2.504077911376953
[1171/4000] -ELBO = 2.503854513168335
[1172/4000] -ELBO = 2.503530740737915
[1173/4000] -ELBO = 2.5033392906188965
[1174/4000] -ELBO = 2.502887725830078
[1175/4000] -ELBO = 2.5024335384368896
[1176/4000] -ELBO = 2.5022389888763428
[1177/4000] -ELBO = 2.501704216003418
[1178/4000] -ELBO = 2.5016980171203613
[1179/4000] -ELBO = 2.5011825561523438
[1180/4000] -ELBO = 2.5009379386901855
[1181/4000] -ELBO = 2.5006508827209473
[1182/4000] -ELBO = 2.50030779838562
[1183/4000] -ELBO = 2.4999256134033203
[1184/4000] -ELBO = 2.49959659576416
[1185/4000] -ELBO = 2.4993112087249756
[1186/4000] -ELBO = 2.498929023742676
[1187/4000] -ELBO = 2.4985883235931396
[1188/4000] -ELBO = 2.4983272552490234
[1189/4000] -ELBO = 2.4979965686798096
[1190/4000] -ELBO = 2.4976086616516113
[1191/4000] -ELBO = 2.4973127841949463
[1192/4000] -ELBO = 2.496917724609375
[1193/4000] -ELBO = 2.4967329502105713
[1194/4000] -ELBO = 2.496500015258789
[1195/4000] -ELBO = 2.495999574661255
[1196/4000] -ELBO = 2.49568247795105
[1197/4000] -ELBO = 2.495377779006958
[1198/4000] -ELBO = 2.495046377182007
[1199/4000] -ELBO = 2.4947242736816406
[1200/4000] -ELBO = 2.4944019317626953
[1201/4000] -ELBO = 2.4940781593322754
[1202/4000] -ELBO = 2.493882179260254
[1203/4000] -ELBO = 2.4934136867523193
[1204/4000] -ELBO = 2.4930365085601807
[1205/4000] -ELBO = 2.492849349975586
[1206/4000] -ELBO = 2.4923393726348877
[1207/4000] -ELBO = 2.492245674133301
[1208/4000] -ELBO = 2.4918925762176514
[1209/4000] -ELBO = 2.4914352893829346
[1210/4000] -ELBO = 2.491135835647583
[1211/4000] -ELBO = 2.4908201694488525
[1212/4000] -ELBO = 2.49066162109375
[1213/4000] -ELBO = 2.4902143478393555
[1214/4000] -ELBO = 2.490020751953125
[1215/4000] -ELBO = 2.489649534225464
[1216/4000] -ELBO = 2.489386796951294
[1217/4000] -ELBO = 2.4890329837799072
[1218/4000] -ELBO = 2.4886627197265625
[1219/4000] -ELBO = 2.4883029460906982
[1220/4000] -ELBO = 2.488003730773926
[1221/4000] -ELBO = 2.4876604080200195
[1222/4000] -ELBO = 2.487412929534912
[1223/4000] -ELBO = 2.486940622329712
[1224/4000] -ELBO = 2.4867348670959473
[1225/4000] -ELBO = 2.486466646194458
[1226/4000] -ELBO = 2.4861507415771484
[1227/4000] -ELBO = 2.4857492446899414
[1228/4000] -ELBO = 2.485398530960083
[1229/4000] -ELBO = 2.4851462841033936
[1230/4000] -ELBO = 2.48483943939209
[1231/4000] -ELBO = 2.484480857849121
[1232/4000] -ELBO = 2.484102487564087
[1233/4000] -ELBO = 2.483905792236328
[1234/4000] -ELBO = 2.4834671020507812
[1235/4000] -ELBO = 2.483208656311035
[1236/4000] -ELBO = 2.482914447784424
[1237/4000] -ELBO = 2.4824421405792236
[1238/4000] -ELBO = 2.4822006225585938
[1239/4000] -ELBO = 2.4818873405456543
[1240/4000] -ELBO = 2.481633424758911
[1241/4000] -ELBO = 2.481311798095703
[1242/4000] -ELBO = 2.480851888656616
[1243/4000] -ELBO = 2.4806950092315674
[1244/4000] -ELBO = 2.4803383350372314
[1245/4000] -ELBO = 2.4801337718963623
[1246/4000] -ELBO = 2.4799158573150635
[1247/4000] -ELBO = 2.47939395904541
[1248/4000] -ELBO = 2.478985071182251
[1249/4000] -ELBO = 2.478722333908081
[1250/4000] -ELBO = 2.4784035682678223
[1251/4000] -ELBO = 2.4781033992767334
[1252/4000] -ELBO = 2.477778434753418
[1253/4000] -ELBO = 2.4775443077087402
[1254/4000] -ELBO = 2.477158784866333
[1255/4000] -ELBO = 2.4767541885375977
[1256/4000] -ELBO = 2.4764747619628906
[1257/4000] -ELBO = 2.476191282272339
[1258/4000] -ELBO = 2.475872278213501
[1259/4000] -ELBO = 2.4755947589874268
[1260/4000] -ELBO = 2.4752516746520996
[1261/4000] -ELBO = 2.4749743938446045
[1262/4000] -ELBO = 2.474575996398926
[1263/4000] -ELBO = 2.4744021892547607
[1264/4000] -ELBO = 2.4740049839019775
[1265/4000] -ELBO = 2.473633050918579
[1266/4000] -ELBO = 2.4733567237854004
[1267/4000] -ELBO = 2.4730398654937744
[1268/4000] -ELBO = 2.472750663757324
[1269/4000] -ELBO = 2.4723658561706543
[1270/4000] -ELBO = 2.472153902053833
[1271/4000] -ELBO = 2.4717776775360107
[1272/4000] -ELBO = 2.471449851989746
[1273/4000] -ELBO = 2.471205711364746
[1274/4000] -ELBO = 2.47084379196167
[1275/4000] -ELBO = 2.470541477203369
[1276/4000] -ELBO = 2.47023344039917
[1277/4000] -ELBO = 2.469865322113037
[1278/4000] -ELBO = 2.4696123600006104
[1279/4000] -ELBO = 2.4693281650543213
[1280/4000] -ELBO = 2.46895432472229
[1281/4000] -ELBO = 2.468742609024048
[1282/4000] -ELBO = 2.4682466983795166
[1283/4000] -ELBO = 2.4680402278900146
[1284/4000] -ELBO = 2.4677233695983887
[1285/4000] -ELBO = 2.4673781394958496
[1286/4000] -ELBO = 2.4670541286468506
[1287/4000] -ELBO = 2.466890811920166
[1288/4000] -ELBO = 2.4664859771728516
[1289/4000] -ELBO = 2.4661333560943604
[1290/4000] -ELBO = 2.465846538543701
[1291/4000] -ELBO = 2.465520143508911
[1292/4000] -ELBO = 2.46525239944458
[1293/4000] -ELBO = 2.464948892593384
[1294/4000] -ELBO = 2.4645612239837646
[1295/4000] -ELBO = 2.4642369747161865
[1296/4000] -ELBO = 2.4639813899993896
[1297/4000] -ELBO = 2.4636566638946533
[1298/4000] -ELBO = 2.463388442993164
[1299/4000] -ELBO = 2.4629554748535156
[1300/4000] -ELBO = 2.462693214416504
[1301/4000] -ELBO = 2.46248722076416
[1302/4000] -ELBO = 2.462221384048462
[1303/4000] -ELBO = 2.4617295265197754
[1304/4000] -ELBO = 2.461426019668579
[1305/4000] -ELBO = 2.461250066757202
[1306/4000] -ELBO = 2.4608728885650635
[1307/4000] -ELBO = 2.4604170322418213
[1308/4000] -ELBO = 2.46024751663208
[1309/4000] -ELBO = 2.459900140762329
[1310/4000] -ELBO = 2.459486722946167
[1311/4000] -ELBO = 2.4594318866729736
[1312/4000] -ELBO = 2.458972692489624
[1313/4000] -ELBO = 2.4587655067443848
[1314/4000] -ELBO = 2.458585500717163
[1315/4000] -ELBO = 2.458050489425659
[1316/4000] -ELBO = 2.4577555656433105
[1317/4000] -ELBO = 2.45744252204895
[1318/4000] -ELBO = 2.457136631011963
[1319/4000] -ELBO = 2.4569389820098877
[1320/4000] -ELBO = 2.4564716815948486
[1321/4000] -ELBO = 2.4562885761260986
[1322/4000] -ELBO = 2.4559102058410645
[1323/4000] -ELBO = 2.455629348754883
[1324/4000] -ELBO = 2.455327033996582
[1325/4000] -ELBO = 2.4549996852874756
[1326/4000] -ELBO = 2.4547219276428223
[1327/4000] -ELBO = 2.4542508125305176
[1328/4000] -ELBO = 2.454129219055176
[1329/4000] -ELBO = 2.4538259506225586
[1330/4000] -ELBO = 2.453507661819458
[1331/4000] -ELBO = 2.4530816078186035
[1332/4000] -ELBO = 2.452793836593628
[1333/4000] -ELBO = 2.452580690383911
[1334/4000] -ELBO = 2.4523117542266846
[1335/4000] -ELBO = 2.451979637145996
[1336/4000] -ELBO = 2.451643466949463
[1337/4000] -ELBO = 2.4513425827026367
[1338/4000] -ELBO = 2.4510204792022705
[1339/4000] -ELBO = 2.4507973194122314
[1340/4000] -ELBO = 2.4503719806671143
[1341/4000] -ELBO = 2.450151205062866
[1342/4000] -ELBO = 2.4497711658477783
[1343/4000] -ELBO = 2.4494833946228027
[1344/4000] -ELBO = 2.4492275714874268
[1345/4000] -ELBO = 2.448873519897461
[1346/4000] -ELBO = 2.4485692977905273
[1347/4000] -ELBO = 2.4482338428497314
[1348/4000] -ELBO = 2.447960376739502
[1349/4000] -ELBO = 2.447673797607422
[1350/4000] -ELBO = 2.4473507404327393
[1351/4000] -ELBO = 2.447131872177124
[1352/4000] -ELBO = 2.4466817378997803
[1353/4000] -ELBO = 2.446443796157837
[1354/4000] -ELBO = 2.446133613586426
[1355/4000] -ELBO = 2.445805788040161
[1356/4000] -ELBO = 2.445631742477417
[1357/4000] -ELBO = 2.4453396797180176
[1358/4000] -ELBO = 2.4449501037597656
[1359/4000] -ELBO = 2.4446239471435547
[1360/4000] -ELBO = 2.444333076477051
[1361/4000] -ELBO = 2.4439120292663574
[1362/4000] -ELBO = 2.443716287612915
[1363/4000] -ELBO = 2.4435324668884277
[1364/4000] -ELBO = 2.4430551528930664
[1365/4000] -ELBO = 2.4432311058044434
[1366/4000] -ELBO = 2.4424734115600586
[1367/4000] -ELBO = 2.442333936691284
[1368/4000] -ELBO = 2.441906690597534
[1369/4000] -ELBO = 2.441854238510132
[1370/4000] -ELBO = 2.4414260387420654
[1371/4000] -ELBO = 2.4410197734832764
[1372/4000] -ELBO = 2.4406776428222656
[1373/4000] -ELBO = 2.4405839443206787
[1374/4000] -ELBO = 2.440225839614868
[1375/4000] -ELBO = 2.439979314804077
[1376/4000] -ELBO = 2.4395081996917725
[1377/4000] -ELBO = 2.439302921295166
[1378/4000] -ELBO = 2.4389431476593018
[1379/4000] -ELBO = 2.4386725425720215
[1380/4000] -ELBO = 2.4383366107940674
[1381/4000] -ELBO = 2.438100814819336
[1382/4000] -ELBO = 2.4378232955932617
[1383/4000] -ELBO = 2.437542200088501
[1384/4000] -ELBO = 2.437065601348877
[1385/4000] -ELBO = 2.4369871616363525
[1386/4000] -ELBO = 2.436756134033203
[1387/4000] -ELBO = 2.436197280883789
[1388/4000] -ELBO = 2.4359500408172607
[1389/4000] -ELBO = 2.4357316493988037
[1390/4000] -ELBO = 2.4353840351104736
[1391/4000] -ELBO = 2.4351675510406494
[1392/4000] -ELBO = 2.434741735458374
[1393/4000] -ELBO = 2.4344305992126465
[1394/4000] -ELBO = 2.4342589378356934
[1395/4000] -ELBO = 2.4338903427124023
[1396/4000] -ELBO = 2.4335124492645264
[1397/4000] -ELBO = 2.433345317840576
[1398/4000] -ELBO = 2.4331648349761963
[1399/4000] -ELBO = 2.4326295852661133
[1400/4000] -ELBO = 2.432389497756958
[1401/4000] -ELBO = 2.4321625232696533
[1402/4000] -ELBO = 2.43192720413208
[1403/4000] -ELBO = 2.431572198867798
[1404/4000] -ELBO = 2.43117094039917
[1405/4000] -ELBO = 2.4308841228485107
[1406/4000] -ELBO = 2.4307074546813965
[1407/4000] -ELBO = 2.4303131103515625
[1408/4000] -ELBO = 2.430133581161499
[1409/4000] -ELBO = 2.4298064708709717
[1410/4000] -ELBO = 2.429569721221924
[1411/4000] -ELBO = 2.4291610717773438
[1412/4000] -ELBO = 2.4290213584899902
[1413/4000] -ELBO = 2.42866587638855
[1414/4000] -ELBO = 2.428239583969116
[1415/4000] -ELBO = 2.4280714988708496
[1416/4000] -ELBO = 2.4276225566864014
[1417/4000] -ELBO = 2.4276676177978516
[1418/4000] -ELBO = 2.427154064178467
[1419/4000] -ELBO = 2.4268391132354736
[1420/4000] -ELBO = 2.426640748977661
[1421/4000] -ELBO = 2.4262921810150146
[1422/4000] -ELBO = 2.425903797149658
[1423/4000] -ELBO = 2.4256811141967773
[1424/4000] -ELBO = 2.4254872798919678
[1425/4000] -ELBO = 2.4250996112823486
[1426/4000] -ELBO = 2.4248433113098145
[1427/4000] -ELBO = 2.4245645999908447
[1428/4000] -ELBO = 2.4242477416992188
[1429/4000] -ELBO = 2.4239585399627686
[1430/4000] -ELBO = 2.423663377761841
[1431/4000] -ELBO = 2.4233195781707764
[1432/4000] -ELBO = 2.4230663776397705
[1433/4000] -ELBO = 2.422914505004883
[1434/4000] -ELBO = 2.422513008117676
[1435/4000] -ELBO = 2.422234296798706
[1436/4000] -ELBO = 2.422008514404297
[1437/4000] -ELBO = 2.4218528270721436
[1438/4000] -ELBO = 2.42140531539917
[1439/4000] -ELBO = 2.42107892036438
[1440/4000] -ELBO = 2.420804738998413
[1441/4000] -ELBO = 2.420405864715576
[1442/4000] -ELBO = 2.420246124267578
[1443/4000] -ELBO = 2.419956922531128
[1444/4000] -ELBO = 2.4196054935455322
[1445/4000] -ELBO = 2.4194319248199463
[1446/4000] -ELBO = 2.4190175533294678
[1447/4000] -ELBO = 2.4187655448913574
[1448/4000] -ELBO = 2.418567419052124
[1449/4000] -ELBO = 2.4181137084960938
[1450/4000] -ELBO = 2.417896032333374
[1451/4000] -ELBO = 2.417604923248291
[1452/4000] -ELBO = 2.4173390865325928
[1453/4000] -ELBO = 2.4170382022857666
[1454/4000] -ELBO = 2.416727304458618
[1455/4000] -ELBO = 2.4164986610412598
[1456/4000] -ELBO = 2.416158437728882
[1457/4000] -ELBO = 2.415736436843872
[1458/4000] -ELBO = 2.4156150817871094
[1459/4000] -ELBO = 2.415130853652954
[1460/4000] -ELBO = 2.4151618480682373
[1461/4000] -ELBO = 2.4148125648498535
[1462/4000] -ELBO = 2.4144887924194336
[1463/4000] -ELBO = 2.414293050765991
[1464/4000] -ELBO = 2.4138574600219727
[1465/4000] -ELBO = 2.4137938022613525
[1466/4000] -ELBO = 2.4133987426757812
[1467/4000] -ELBO = 2.413039207458496
[1468/4000] -ELBO = 2.412834882736206
[1469/4000] -ELBO = 2.412504196166992
[1470/4000] -ELBO = 2.4123213291168213
[1471/4000] -ELBO = 2.411803960800171
[1472/4000] -ELBO = 2.411687135696411
[1473/4000] -ELBO = 2.4114372730255127
[1474/4000] -ELBO = 2.4108705520629883
[1475/4000] -ELBO = 2.410757064819336
[1476/4000] -ELBO = 2.4105582237243652
[1477/4000] -ELBO = 2.4102871417999268
[1478/4000] -ELBO = 2.4101617336273193
[1479/4000] -ELBO = 2.409599781036377
[1480/4000] -ELBO = 2.4093520641326904
[1481/4000] -ELBO = 2.409226655960083
[1482/4000] -ELBO = 2.408736228942871
[1483/4000] -ELBO = 2.4085757732391357
[1484/4000] -ELBO = 2.408069372177124
[1485/4000] -ELBO = 2.4081311225891113
[1486/4000] -ELBO = 2.407639741897583
[1487/4000] -ELBO = 2.4073734283447266
[1488/4000] -ELBO = 2.4072728157043457
[1489/4000] -ELBO = 2.407048463821411
[1490/4000] -ELBO = 2.4065136909484863
[1491/4000] -ELBO = 2.4060513973236084
[1492/4000] -ELBO = 2.406259298324585
[1493/4000] -ELBO = 2.4056928157806396
[1494/4000] -ELBO = 2.4055142402648926
[1495/4000] -ELBO = 2.405256509780884
[1496/4000] -ELBO = 2.40488600730896
[1497/4000] -ELBO = 2.4047417640686035
[1498/4000] -ELBO = 2.4046900272369385
[1499/4000] -ELBO = 2.4042389392852783
[1500/4000] -ELBO = 2.4043467044830322
[1501/4000] -ELBO = 2.4033195972442627
[1502/4000] -ELBO = 2.4034342765808105
[1503/4000] -ELBO = 2.4028608798980713
[1504/4000] -ELBO = 2.402777910232544
[1505/4000] -ELBO = 2.402503490447998
[1506/4000] -ELBO = 2.40216326713562
[1507/4000] -ELBO = 2.40110182762146
[1508/4000] -ELBO = 2.4017040729522705
[1509/4000] -ELBO = 2.4015302658081055
[1510/4000] -ELBO = 2.4009194374084473
[1511/4000] -ELBO = 2.4005491733551025
[1512/4000] -ELBO = 2.4002175331115723
[1513/4000] -ELBO = 2.4001240730285645
[1514/4000] -ELBO = 2.399353504180908
[1515/4000] -ELBO = 2.399833917617798
wandb: Ctrl-c pressed. Waiting for runs to end. Press ctrl-c again to terminate them.
wandb: Terminating and syncing runs. Press ctrl-c to kill.
